                                               ATAJOS                                               
                                                                                                    
                  General                                                                           
                  ctrl+c           salir                                                            
                  ctrl+x l         modal de sesiones                                                
                  ctrl+p           modal de atajos de teclado                                       
                  ctrl+x m         modal de modelos                                                 
                  ctrl+x i         modal de motores                                                 
                                                                                                    
                  Chat                                                                              
                  up               subir por el historial del chat                                  
                  down             bajar por el historial del chat                                  
                  pgup             página arriba en el historial                                    
                  pgdown           página abajo en el historial                                     
                                                                                                    
                  Vista                                                                             
                  ctrl+d           abrir o cerrar el panel de datos                                 
                  ctrl+x n         crear una sesión nueva                                           
                  ctrl+r           mostrar u ocultar el razonamiento                                
                  ctrl+a           abrir o cerrar el panel de aprobaciones                          
                  (deshabilitada)  pausar la cola en curso                                          
                  ctrl+f           cancelar el trabajo en curso (pide confirmación)                 
                  tab              cambiar de agente                                                
                                                                                                    
                  Modales                                                                           
                  ctrl+d           eliminar la sesión resaltada                                     
                  esc              cerrar lo abierto                                                
                  ctrl+x a         añadir un motor                                                  
                  ctrl+x e         editar el motor resaltado                                        
                  ctrl+x d         eliminar el motor resaltado                                      
                  up               subir en la lista                                                
                  down             bajar en la lista                                                
                                                                                                    
                  Aprobaciones                                                                      
                  a                aprobar la propuesta seleccionada                                
                  d                declinar la propuesta seleccionada                               
                                                                                                    
                  Entrada                                                                           
                  enter            enviar la petición                                               
                                    (solo lectura · esc cerrar)                                     
