                                                                                                    
                                                                                                    
                                                                                                    
                                                                                                    
                                                                                                    
                                                                                                    
                                                                                                    
                                                                                                    
                                                                                                    
                 ██╗      ██████╗  ██████╗  █████╗  ██╗       ██████╗ ██╗      ██╗                  
                 ██║     ██╔═══██╗██╔════╝ ██╔══██╗ ██║      ██╔════╝ ██║      ██║                  
                 ██║     ██║   ██║██║      ███████║ ██║      ██║      ██║      ██║                  
                 ██║     ██║   ██║██║      ██╔══██╗ ██║      ██║      ██║      ██║                  
                 ███████╗╚██████╔╝╚██████╗ ██║  ██║ ███████╗ ╚██████╗ ███████╗ ██║                  
                 ╚══════╝ ╚═════╝  ╚═════╝ ╚═╝  ╚═╝ ╚══════╝  ╚═════╝ ╚══════╝ ╚═╝                  
                                                                                                    
                                       LocalCli · v0.1 alpha                                        
                                                                                                    
                                modelo: llama3.2  (Ctrl+X m cambiar)                                
                                                                                                    
                                  [plan] > En qué te ayudo hoy: ▌                                   
                                                                                                    
                                                                                                    
                                                                                                    
                                                                                                    
                                                                                                    
                                                                                                    
                                                                                                    
                                                                                                    
                                                                                                    
