                                                                                                    
                                                                                                    
                                                                                                    
                                                                                                    
                                                                                                    
                                                                                                    
                                                                                                    
                                                                                                    
                 ██╗      ██████╗  ██████╗  █████╗  ██╗       ██████╗ ██╗      ██╗                  
                 ██║     ██╔═══██╗██╔════╝ ██╔══██╗ ██║      ██╔════╝ ██║      ██║                  
                 ██║     ██║   ██║██║      ███████║ ██║      ██║      ██║      ██║                  
                 ██║     ██║   ██║██║      ██╔══██╗ ██║      ██║      ██║      ██║                  
                 ███████╗╚██████╔╝╚██████╗ ██║  ██║ ███████╗ ╚██████╗ ███████╗ ██║                  
                 ╚══════╝ ╚═════╝  ╚═════╝ ╚═╝  ╚═╝ ╚══════╝  ╚═════╝ ╚══════╝ ╚═╝                  
                                                                                                    
                                                                                                    
               "Escribe para iniciar la conversacion"                                               
                                                                                                    
               [plan] • llama3.2                                                                    
                                                                                                    
                                                                                                    
                          TAB agentes   Ctrl+P comandos   Ctrl+X M modelos                          
                                                                                                    
                                                                                                    
                                                                                                    
                                                                                                    
                                                                                                    
                                                                                                    
                                                                                                    
                                                                                          v0.1 alpha
