                                                            
                                                            
 Escribe para iniciar la conversacion                       
                                                            
 [plan] · * llama3.2 · tool [*]  [v] [T]                    
                                                            
                                                            
